// Vitest Snapshot v1

exports[`Personal > renders properly 1`] = `"<!--v-if-->"`;
